// Vitest Snapshot v1, https://vitest.dev/guide/snapshot.html

exports[`GifsApp > should render GifsApp 1`] = `
<div>
  <div
    class="content-center"
  >
    <h1>
      Gifs App
    </h1>
    <p>
      Encuentra los mejores gifs
    </p>
  </div>
  <div
    class="search-container"
  >
    <input
      placeholder="Buscar Gifs"
      type="text"
      value=""
    />
    <button
      type="submit"
    >
      Buscar
    </button>
  </div>
  <div
    class="previous-searches"
  >
    <h2>
      Busquedas previas
    </h2>
    <ul
      class="previous-searches-list"
    />
  </div>
  <div
    class="gifs-container"
  />
</div>
`;
